03:21:21 **** Incremental Build of configuration Debug for project STM32F446RE-HC-SR04-I2C-LCM1602 ****
make -j8 all 
arm-none-eabi-gcc "../Core/Src/main.c" -mcpu=cortex-m4 -std=gnu11 -g3 -DDEBUG -DUSE_HAL_DRIVER -DSTM32F446xx -c -I../Core/Inc -I../Drivers/STM32F4xx_HAL_Driver/Inc -I../Drivers/STM32F4xx_HAL_Driver/Inc/Legacy -I../Drivers/CMSIS/Device/ST/STM32F4xx/Include -I../Drivers/CMSIS/Include -O0 -ffunction-sections -fdata-sections -Wall -fstack-usage -fcyclomatic-complexity -MMD -MP -MF"Core/Src/main.d" -MT"Core/Src/main.o" --specs=nano.specs -mfpu=fpv4-sp-d16 -mfloat-abi=hard -mthumb -o "Core/Src/main.o"
arm-none-eabi-gcc -o "STM32F446RE-HC-SR04-I2C-LCM1602.elf" @"objects.list"   -mcpu=cortex-m4 -T"C:\Users\sytye\Desktop\STM32F446RE_workspace\STM32F446RE-HC-SR04-I2C-LCM1602\STM32F446RE-HC-SR04-I2C-LCM1602\STM32F446RETX_FLASH.ld" --specs=nosys.specs -Wl,-Map="STM32F446RE-HC-SR04-I2C-LCM1602.map" -Wl,--gc-sections -static --specs=nano.specs -mfpu=fpv4-sp-d16 -mfloat-abi=hard -mthumb -Wl,--start-group -lc -lm -Wl,--end-group
Finished building target: STM32F446RE-HC-SR04-I2C-LCM1602.elf
 
arm-none-eabi-size  STM32F446RE-HC-SR04-I2C-LCM1602.elf 
arm-none-eabi-objdump -h -S STM32F446RE-HC-SR04-I2C-LCM1602.elf  > "STM32F446RE-HC-SR04-I2C-LCM1602.list"
   text	   data	    bss	    dec	    hex	filename
  18164	     28	   1820	  20012	   4e2c	STM32F446RE-HC-SR04-I2C-LCM1602.elf
Finished building: default.size.stdout
 
Finished building: STM32F446RE-HC-SR04-I2C-LCM1602.list
 
03:22:10 **** Incremental Build of configuration Debug for project STM32F446RE-HC-SR04-I2C-LCM1602 ****
make -j8 all 
arm-none-eabi-size  STM32F446RE-HC-SR04-I2C-LCM1602.elf 
   text	   data	    bss	    dec	    hex	filename
  18164	     28	   1820	  20012	   4e2c	STM32F446RE-HC-SR04-I2C-LCM1602.elf
Finished building: default.size.stdout
 
